########## exit2 ##########
Text f|re exit


exit2.tst

    2.  %%EXIT(1, %%(HasNoValue))
=====>            1  2

  *1*   204 W : Variable "%%(HasNoValue)" not set.
  *2*   204 W : Variable "HasNoValue" not set.


No errors detected.
2 warning(s) issued.

%%(HasNoValue)
  Result from evaluation of %%EXIT was 1
