########## undef ##########
%%IF (E(1))
%%ENDIF


undef.tst

    1.  %%IF (E (1))
=====>        1

  *1*   204 W : Variable "E" not set.

    3.  %%IF ({%%(UNDEF), 2} (%%(UNDEF)))
=====>            1              2

  *1*   204 W : Variable "UNDEF" not set.
  *2*   204 W : Variable "UNDEF" not set.


No errors detected.
3 warning(s) issued.

