=========================
Running tests in: gen-test
=========================
Testing SMK -- ScannerMaker 2.0(18) (1994-10-10 11:02)
-------------------------
Running smk on lmk.smk
-------------------------
-------------------------
Diffing lmk.smt
-------------------------
-------------------------
Running smk on pmk.smk
-------------------------
-------------------------
Diffing pmk.smt
-------------------------
-------------------------
Running smk on smk.smk
-------------------------
-------------------------
Diffing smk.smt
-------------------------
-------------------------
Running smk on tmk.smk
-------------------------
-------------------------
Diffing tmk.smt
-------------------------
-------------------------
Running smk on imp.smk
-------------------------
-------------------------
Diffing imp.smt
-------------------------
-------------------------
Diffing tmkScSema.c
-------------------------
-------------------------
Diffing tmkScan.c
-------------------------
-------------------------
Diffing tmkScan.h
-------------------------
-------------------------
Diffing tmkCommon.h
-------------------------
-------------------------
Diffing impScSema.c
-------------------------
-------------------------
Diffing impScan.c
-------------------------
-------------------------
Diffing impScan.h
-------------------------
-------------------------
Diffing impCommon.h
-------------------------
-------------------------
Diffing pmkScSema.c
-------------------------
-------------------------
Diffing pmkScan.c
-------------------------
-------------------------
Diffing pmkScan.h
-------------------------
-------------------------
Diffing pmkCommon.h
-------------------------
-------------------------
Diffing lmkScSema.c
-------------------------
-------------------------
Diffing lmkScan.c
-------------------------
-------------------------
Diffing lmkScan.h
-------------------------
-------------------------
Diffing lmkCommon.h
-------------------------
-------------------------
Diffing smkScSema.c
-------------------------
-------------------------
Diffing smkScan.c
-------------------------
-------------------------
Diffing smkScan.h
-------------------------
-------------------------
Diffing smkCommon.h
-------------------------
