########## reopenoutput ##########


reopenoutput.tst.input1

    3.1 %%PROCESS("reopenoutput.tst.foo","reopenoutput.tst.fie")
=====>  1         2

  *1*   217 W : Input file "reopenoutput.tst.foo" already open for writing.
  *2*   201 W : File "reopenoutput.tst.foo" not found.
  *2*   218 W : Unable to open input file "reopenoutput.tst.foo".




reopenoutput.tst.foo

    3.1 %%PROCESS("reopenoutput.tst.foo", "reopenoutput.tst.fie")
=====>                                    1

  *1*   216 W : Output file "reopenoutput.tst.fie" already open for writing.
  *1*   207 W : Unable to open output file "reopenoutput.tst.fie".
  *1*   216 W : Output file "reopenoutput.tst.fie" already open for writing.
  *1*   207 W : Unable to open output file "reopenoutput.tst.fie".



No errors detected.
7 warning(s) issued.

-- foo
1.......
2.......
3.......
4.......
5.......
6.......
7.......
8.......
9.......
10.......
11.......
12.......
13.......
14.......
-- fie
då
då
done.
-- foo
1.......
2.......
3.......
4.......
5.......
6.......
7.......
8.......
9.......
10.......
11.......
12.......
13.......
14.......
-- fie
1.......
2.......
3.......
4.......
5.......
6.......
7.......
8.......
9.......
10.......
11.......
12.......
13.......
14.......
-- foo
då
då
done.
-- fie
då
då
done.
