########## defined ##########
  OK 1
  OK 2
  OK 3
  OK 4
  OK 5
  OK 6
  OK 7
%%IF (%%(B)(?))
%%IF (%%(B)(?))      * * * FACIT * * *
%%ENDIF


defined.tst

   37.  %%IF (%%(B) (?))
=====>           1

  *1*   204 W : Variable "B" not set.

   38.  `%%IF (%%(B)(?))      * * * FACIT * * *
=====>            1

  *1*   204 W : Variable "B" not set.


No errors detected.
2 warning(s) issued.

