########## oldloop ##########
%%LOOP(i(4))
Hej%%(i)!
%%ENDLOOP(i)
%%--
%%LOOP(i(4))
Hopp%%(i)!
%%ENDLOOP(i)
%%KEEP
%%LOOP(i(4))
Kept%%(i)!
%%ENDLOOP(i)
%%ENDKEEP
%%LOOP(i(0))
Skall ej skrivas ut %%(i)!
%%ENDLOOP(i)
%%KEEP
%%LOOP(i(4))
Kept%%(i)!
%%ENDLOOP(i)
%%ENDKEEP
%%COMMENT
%%LOOP(i(4))
Commented%%(i)!
%%ENDLOOP(i)
%%ENDCOMMENT
%%SET foo(hej, hopp, i, lingonskogen)
%%LOOP(i(foo))%%(foo(i)) %%ENDLOOP(i)
%%LOOP(i(%%(foo(0))))%%(foo(i)) %%ENDLOOP(i)
%%LOOP(i(%%(foo(1))))
%%(foo(i))
%%ENDLOOP(i)
%%BEGIN(aRegion)
%%LOOP(k(5))
%%(k)
%%ENDLOOP(k)
%%END(aRegion)
%%IF(k(?))
Error, k should not be defined!
%%ELSE
OK!
%%ENDIF
%%LOOP(i(2))
F|re inre loopen %%(i).
%%LOOP(j(2))
I inre loopen %%(i), %%(j).
%%ENDLOOP(j)
Efter inre loopen %%(i).
%%ENDLOOP(i)
########## ../imp oldloop.tst >oldloop.tst.tmp; cat oldloop.tst.tmp; rm oldloop.tst.tmp ##########


oldloop.tst

    1.  %%LOOP(i(4))
=====>          1

  *1*   101 E : '<=' inserted.

    5.  %%LOOP(i(4))
=====>          1

  *1*   101 E : '<=' inserted.

   13.  %%LOOP(i(0))
=====>          1

  *1*   101 E : '<=' inserted.

   27.  %%LOOP(i(foo))%%(foo(i)) %%ENDLOOP(i)
=====>          1           2

  *1*   101 E : '<=' inserted.
  *2*   101 E : '*' inserted.

   28.  %%LOOP(i(%%(foo(0))))%%(foo(i)) %%ENDLOOP(i)
=====>          1      2           3

  *1*   101 E : '<=' inserted.
  *2*   101 E : '*' inserted.
  *3*   101 E : '*' inserted.

   29.  %%LOOP(i(%%(foo(1))))
=====>          1      2

  *1*   101 E : '<=' inserted.
  *2*   101 E : '*' inserted.

   30.  %%(foo(i))
=====>        1

  *1*   101 E : '*' inserted.

   33.  %%LOOP(k(5))
=====>          1

  *1*   101 E : '<=' inserted.

   42.  %%LOOP(i(2))
=====>          1

  *1*   101 E : '<=' inserted.

   44.  %%LOOP(j(2))
=====>          1

  *1*   101 E : '<=' inserted.


14 error(s) detected.
No warnings issued.

