########## perf ##########
%%SET CaseSep(",")
{0%%(CaseSep) 0%%(CaseSep) 0%%(CaseSep) 0%%(CaseSep) 0%%(CaseSep) 0%%(CaseSep) 0%%(CaseSep) 0%%(CaseSep) 0%%(CaseSep) 0%%(CaseSep)
0%%(CaseSep) 0%%(CaseSep) 0%%(CaseSep) 0%%(CaseSep) 0%%(CaseSep) 0%%(CaseSep) 0%%(CaseSep) 0%%(CaseSep) 0%%(CaseSep) 0%%(CaseSep)
0%%(CaseSep) 0%%(CaseSep) 0%%(CaseSep) 0%%(CaseSep) 0%%(CaseSep) 0%%(CaseSep) 0%%(CaseSep) 0%%(CaseSep) 0%%(CaseSep) 0%%(CaseSep)
0%%(CaseSep) 0%%(CaseSep) 0%%(CaseSep) 0%%(CaseSep) 0%%(CaseSep) 0%%(CaseSep) 0%%(CaseSep) 0%%(CaseSep) 0%%(CaseSep) 0%%(CaseSep)
0%%(CaseSep) 0%%(CaseSep) 0%%(CaseSep) 0%%(CaseSep) 0%%(CaseSep) 0%%(CaseSep) 0%%(CaseSep) 0%%(CaseSep) 0%%(CaseSep) 0%%(CaseSep)
0%%(CaseSep) 0%%(CaseSep) 0%%(CaseSep) 0%%(CaseSep) 0%%(CaseSep) 0%%(CaseSep) 0%%(CaseSep) 0%%(CaseSep) 0%%(CaseSep) 0%%(CaseSep)
0%%(CaseSep) 0%%(CaseSep) 0%%(CaseSep) 0%%(CaseSep) 0%%(CaseSep) 0%%(CaseSep) 0%%(CaseSep) 0%%(CaseSep) 0%%(CaseSep) 0%%(CaseSep)
0%%(CaseSep) 0%%(CaseSep) 0%%(CaseSep) 0%%(CaseSep) 0%%(CaseSep) 0%%(CaseSep) 0%%(CaseSep) 0%%(CaseSep) 0%%(CaseSep) 0%%(CaseSep)
0%%(CaseSep) 0%%(CaseSep) 0%%(CaseSep) 0%%(CaseSep) 0%%(CaseSep) 0%%(CaseSep) 0%%(CaseSep) 0%%(CaseSep) 0%%(CaseSep) 0%%(CaseSep)
0%%(CaseSep) 0%%(CaseSep) 0%%(CaseSep) 0%%(CaseSep) 0%%(CaseSep) 0%%(CaseSep) 0%%(CaseSep) 0%%(CaseSep) 0%%(CaseSep) 0%%(CaseSep)
0%%(CaseSep) 0%%(CaseSep) 0%%(CaseSep) 0%%(CaseSep) 0%%(CaseSep) 0%%(CaseSep) 0%%(CaseSep) 0%%(CaseSep) 0%%(CaseSep) 0%%(CaseSep)
0%%(CaseSep) 0%%(CaseSep) 0%%(CaseSep) 0%%(CaseSep) 0%%(CaseSep) 0%%(CaseSep) 0%%(CaseSep) 0%%(CaseSep) 0%%(CaseSep) 0%%(CaseSep)
0%%(CaseSep) 0%%(CaseSep) 0%%(CaseSep) 0%%(CaseSep) 0%%(CaseSep) 0%%(CaseSep) 0%%(CaseSep) 0%%(CaseSep) 0%%(CaseSep) 0%%(CaseSep)
0%%(CaseSep) 0%%(CaseSep) 0%%(CaseSep) 0%%(CaseSep) 0%%(CaseSep) 0%%(CaseSep) 0%%(CaseSep) 0%%(CaseSep) 0%%(CaseSep) 0%%(CaseSep)
0%%(CaseSep) 0%%(CaseSep) 0%%(CaseSep) 0%%(CaseSep) 0%%(CaseSep) 0%%(CaseSep) 0%%(CaseSep) 0%%(CaseSep) 0%%(CaseSep) 0%%(CaseSep)
0%%(CaseSep) 0%%(CaseSep) 0%%(CaseSep) 0%%(CaseSep) 0%%(CaseSep) 0%%(CaseSep) 0%%(CaseSep) 0%%(CaseSep) 0%%(CaseSep) 0%%(CaseSep)
0%%(CaseSep) 0%%(CaseSep) 0%%(CaseSep) 0%%(CaseSep) 0%%(CaseSep) 0%%(CaseSep) 0%%(CaseSep) 0%%(CaseSep) 0%%(CaseSep) 0%%(CaseSep)
0%%(CaseSep) 0%%(CaseSep) 0%%(CaseSep) 0%%(CaseSep) 0%%(CaseSep) 0%%(CaseSep) 0%%(CaseSep) 0%%(CaseSep) 0%%(CaseSep) 0%%(CaseSep)
0%%(CaseSep) 0%%(CaseSep) 0%%(CaseSep) 0%%(CaseSep) 0%%(CaseSep) 0%%(CaseSep) 0%%(CaseSep) 0%%(CaseSep) 0%%(CaseSep) 0%%(CaseSep)
0%%(CaseSep) 0%%(CaseSep) 0%%(CaseSep) 0%%(CaseSep) 0%%(CaseSep) 0%%(CaseSep) 0%%(CaseSep) 0%%(CaseSep) 0%%(CaseSep) 0%%(CaseSep)
0%%(CaseSep) 0%%(CaseSep) 0%%(CaseSep) 0%%(CaseSep) 0%%(CaseSep) 0%%(CaseSep) 0%%(CaseSep) 0%%(CaseSep) 0%%(CaseSep) 0%%(CaseSep)
0%%(CaseSep) 0%%(CaseSep) 0%%(CaseSep) 0%%(CaseSep) 0%%(CaseSep) 0%%(CaseSep) 0%%(CaseSep) 0%%(CaseSep) 0%%(CaseSep) 0%%(CaseSep)
0%%(CaseSep) 0%%(CaseSep) 0%%(CaseSep) 0%%(CaseSep) 0%%(CaseSep) 0%%(CaseSep) 0%%(CaseSep) 0%%(CaseSep) 0%%(CaseSep) 0%%(CaseSep)
0%%(CaseSep) 0%%(CaseSep) 0%%(CaseSep) 0%%(CaseSep) 0%%(CaseSep) 0%%(CaseSep) 0%%(CaseSep) 0%%(CaseSep) 0%%(CaseSep) 0%%(CaseSep)
0%%(CaseSep) 0%%(CaseSep) 0%%(CaseSep) 0%%(CaseSep) 0%%(CaseSep) 0%%(CaseSep) 0%%(CaseSep) 0%%(CaseSep) 0%%(CaseSep) 0%%(CaseSep)
0%%(CaseSep) 0%%(CaseSep) 0%%(CaseSep) 0%%(CaseSep) 0%%(CaseSep) 0%%(CaseSep) 0%%(CaseSep) 0%%(CaseSep) 0%%(CaseSep) 0%%(CaseSep)
0%%(CaseSep) 0%%(CaseSep) 0%%(CaseSep) 0%%(CaseSep) 0%%(CaseSep) 0%%(CaseSep) 0%%(CaseSep) 0%%(CaseSep) 0%%(CaseSep) 0%%(CaseSep)
0%%(CaseSep) 0%%(CaseSep) 0%%(CaseSep) 0%%(CaseSep) 0%%(CaseSep) 0%%(CaseSep) 0%%(CaseSep) 0%%(CaseSep) 0%%(CaseSep) 0%%(CaseSep)
0%%(CaseSep) 0%%(CaseSep) 0%%(CaseSep) 0%%(CaseSep) 0%%(CaseSep) 0%%(CaseSep) 0%%(CaseSep) 0%%(CaseSep) 0%%(CaseSep) 0%%(CaseSep)
0%%(CaseSep) 0%%(CaseSep) 0%%(CaseSep) 0%%(CaseSep) 0%%(CaseSep) 0%%(CaseSep) 0%%(CaseSep) 0%%(CaseSep) 0%%(CaseSep) 0%%(CaseSep)
0%%(CaseSep) 0%%(CaseSep) 0%%(CaseSep) 0%%(CaseSep) 0%%(CaseSep) 0%%(CaseSep) 0%%(CaseSep) 0%%(CaseSep) 0%%(CaseSep) 0%%(CaseSep)
0%%(CaseSep) 0%%(CaseSep) 0%%(CaseSep) 0%%(CaseSep) 0%%(CaseSep) 0%%(CaseSep) 0%%(CaseSep) 0%%(CaseSep) 0%%(CaseSep) 0%%(CaseSep)
0%%(CaseSep) 0%%(CaseSep) 0%%(CaseSep) 0%%(CaseSep) 0%%(CaseSep) 0%%(CaseSep) 0%%(CaseSep) 0%%(CaseSep) 0%%(CaseSep) 0%%(CaseSep)
0%%(CaseSep) 0%%(CaseSep) 0%%(CaseSep) 0%%(CaseSep) 0%%(CaseSep) 0%%(CaseSep) 0%%(CaseSep) 0%%(CaseSep) 0%%(CaseSep) 0%%(CaseSep)
0%%(CaseSep) 0%%(CaseSep) 0%%(CaseSep) 0%%(CaseSep) 0%%(CaseSep) 0%%(CaseSep) 0%%(CaseSep) 0%%(CaseSep) 0%%(CaseSep) 0%%(CaseSep)
0%%(CaseSep) 0%%(CaseSep) 0%%(CaseSep) 0%%(CaseSep) 0%%(CaseSep) 0%%(CaseSep) 0%%(CaseSep) 0%%(CaseSep) 0%%(CaseSep) 0%%(CaseSep)
0%%(CaseSep) 0%%(CaseSep) 0%%(CaseSep) 0%%(CaseSep) 0%%(CaseSep) 0%%(CaseSep) 0%%(CaseSep) 0%%(CaseSep) 0%%(CaseSep) 0%%(CaseSep)
0%%(CaseSep) 0%%(CaseSep) 0%%(CaseSep) 0%%(CaseSep) 0%%(CaseSep) 0%%(CaseSep) 0%%(CaseSep) 0%%(CaseSep) 0%%(CaseSep) 0%%(CaseSep)
0%%(CaseSep) 0%%(CaseSep) 0%%(CaseSep) 0%%(CaseSep) 0%%(CaseSep) 0%%(CaseSep) 0%%(CaseSep) 0%%(CaseSep) 0%%(CaseSep) 0%%(CaseSep)
0%%(CaseSep) 0%%(CaseSep) 0%%(CaseSep) 0%%(CaseSep) 0%%(CaseSep) 0%%(CaseSep) 0%%(CaseSep) 0%%(CaseSep) 0%%(CaseSep) 0%%(CaseSep)
0%%(CaseSep) 0%%(CaseSep) 0%%(CaseSep) 0%%(CaseSep) 0%%(CaseSep) 0%%(CaseSep) 0%%(CaseSep) 0%%(CaseSep) 0%%(CaseSep) 0%%(CaseSep)
0%%(CaseSep) 0%%(CaseSep) 0%%(CaseSep) 0%%(CaseSep) 0%%(CaseSep) 0%%(CaseSep) 0%%(CaseSep) 0%%(CaseSep) 0%%(CaseSep) 0%%(CaseSep)
0%%(CaseSep) 0%%(CaseSep) 0%%(CaseSep) 0%%(CaseSep) 0%%(CaseSep) 0%%(CaseSep) 0%%(CaseSep) 0%%(CaseSep) 0%%(CaseSep) 0%%(CaseSep)
0%%(CaseSep) 0%%(CaseSep) 0%%(CaseSep) 0%%(CaseSep) 0%%(CaseSep) 0%%(CaseSep) 0%%(CaseSep) 0%%(CaseSep) 0%%(CaseSep) 0%%(CaseSep)
0%%(CaseSep) 0%%(CaseSep) 0%%(CaseSep) 0%%(CaseSep) 0%%(CaseSep) 0%%(CaseSep) 0%%(CaseSep) 0%%(CaseSep) 0%%(CaseSep) 0%%(CaseSep)
0%%(CaseSep) 0%%(CaseSep) 0%%(CaseSep) 0%%(CaseSep) 0%%(CaseSep) 0%%(CaseSep) 0%%(CaseSep) 0%%(CaseSep) 0%%(CaseSep) 0%%(CaseSep)
0%%(CaseSep) 0%%(CaseSep) 0%%(CaseSep) 0%%(CaseSep) 0%%(CaseSep) 0%%(CaseSep) 0%%(CaseSep) 0%%(CaseSep) 0%%(CaseSep) 0%%(CaseSep)
0%%(CaseSep) 0%%(CaseSep) 0%%(CaseSep) 0%%(CaseSep) 0%%(CaseSep) 0%%(CaseSep) 0%%(CaseSep) 0%%(CaseSep) 0%%(CaseSep) 0%%(CaseSep)
0%%(CaseSep) 0%%(CaseSep) 0%%(CaseSep) 0%%(CaseSep) 0%%(CaseSep) 0%%(CaseSep) 0%%(CaseSep) 0%%(CaseSep) 0%%(CaseSep) 0%%(CaseSep)
0%%(CaseSep) 0%%(CaseSep) 0%%(CaseSep) 0%%(CaseSep) 0%%(CaseSep) 0%%(CaseSep) 0%%(CaseSep) 0%%(CaseSep) 0%%(CaseSep) 0%%(CaseSep)
0%%(CaseSep) 0%%(CaseSep) 0%%(CaseSep) 0%%(CaseSep) 0%%(CaseSep) 0%%(CaseSep) 0%%(CaseSep) 0%%(CaseSep) 0%%(CaseSep) 0%%(CaseSep)
0%%(CaseSep) 0%%(CaseSep) 0%%(CaseSep) 0%%(CaseSep) 0%%(CaseSep) 0%%(CaseSep) 0%%(CaseSep) 0%%(CaseSep) 0%%(CaseSep) 0%%(CaseSep)
0%%(CaseSep) 0%%(CaseSep) 0%%(CaseSep) 0%%(CaseSep) 0%%(CaseSep) 0%%(CaseSep) 0%%(CaseSep) 0%%(CaseSep) 0%%(CaseSep) 0%%(CaseSep)
0%%(CaseSep) 0%%(CaseSep) 0%%(CaseSep) 0%%(CaseSep) 0%%(CaseSep) 0%%(CaseSep) 0%%(CaseSep) 0%%(CaseSep) 0%%(CaseSep) 0%%(CaseSep)
0%%(CaseSep) 0%%(CaseSep) 0%%(CaseSep) 0%%(CaseSep) 0%%(CaseSep) 0%%(CaseSep) 0%%(CaseSep) 0%%(CaseSep) 0%%(CaseSep) 0%%(CaseSep)
0%%(CaseSep) 0%%(CaseSep) 0%%(CaseSep) 0%%(CaseSep) 0%%(CaseSep) 0%%(CaseSep) 0%%(CaseSep) 0%%(CaseSep) 0%%(CaseSep) 0%%(CaseSep)
0%%(CaseSep) 0%%(CaseSep) 0%%(CaseSep) 0%%(CaseSep) 0%%(CaseSep) 0%%(CaseSep) 0%%(CaseSep) 0%%(CaseSep) 0%%(CaseSep) 0%%(CaseSep)
0%%(CaseSep) 0%%(CaseSep) 0%%(CaseSep) 0%%(CaseSep) 0%%(CaseSep) 0%%(CaseSep) 0%%(CaseSep) 0%%(CaseSep) 0%%(CaseSep) 0%%(CaseSep)
0%%(CaseSep) 0%%(CaseSep) 0%%(CaseSep) 0%%(CaseSep) 0%%(CaseSep) 0%%(CaseSep) 0%%(CaseSep) 0%%(CaseSep) 0%%(CaseSep) 0%%(CaseSep)
0%%(CaseSep) 0%%(CaseSep) 0%%(CaseSep) 0%%(CaseSep) 0%%(CaseSep) 0%%(CaseSep) 0%%(CaseSep) 0%%(CaseSep) 0%%(CaseSep) 0%%(CaseSep)
0%%(CaseSep) 0%%(CaseSep) 0%%(CaseSep) 0%%(CaseSep) 0%%(CaseSep) 0%%(CaseSep) 0%%(CaseSep) 0%%(CaseSep) 0%%(CaseSep) 0%%(CaseSep)
0%%(CaseSep) 0%%(CaseSep) 0%%(CaseSep) 0%%(CaseSep) 0%%(CaseSep) 0%%(CaseSep) 0%%(CaseSep) 0%%(CaseSep) 0%%(CaseSep) 0%%(CaseSep)
0%%(CaseSep) 0%%(CaseSep) 0%%(CaseSep) 0%%(CaseSep) 0%%(CaseSep) 0%%(CaseSep) 0%%(CaseSep) 0%%(CaseSep) 0%%(CaseSep) 0%%(CaseSep)
0%%(CaseSep) 0%%(CaseSep) 0%%(CaseSep) 0%%(CaseSep) 0%%(CaseSep) 0%%(CaseSep) 0%%(CaseSep) 0%%(CaseSep) 0%%(CaseSep) 0%%(CaseSep)
0%%(CaseSep) 0%%(CaseSep) 0%%(CaseSep) 0%%(CaseSep) 0%%(CaseSep) 0%%(CaseSep) 0%%(CaseSep) 0%%(CaseSep) 0%%(CaseSep) 0%%(CaseSep)
0%%(CaseSep) 0%%(CaseSep) 0%%(CaseSep) 0%%(CaseSep) 0%%(CaseSep) 0%%(CaseSep) 0%%(CaseSep) 0%%(CaseSep) 0%%(CaseSep) 0%%(CaseSep)
0%%(CaseSep) 0%%(CaseSep) 0%%(CaseSep) 0%%(CaseSep) 0%%(CaseSep) 0%%(CaseSep) 0%%(CaseSep) 0%%(CaseSep) 0%%(CaseSep) 0%%(CaseSep)
0%%(CaseSep) 0%%(CaseSep) 0%%(CaseSep) 0%%(CaseSep) 0%%(CaseSep) 0%%(CaseSep) 0%%(CaseSep) 0%%(CaseSep) 0%%(CaseSep) 0%%(CaseSep)
0%%(CaseSep) 0%%(CaseSep) 0%%(CaseSep) 0%%(CaseSep) 0%%(CaseSep) 0%%(CaseSep) 0%%(CaseSep) 0%%(CaseSep) 0%%(CaseSep) 0%%(CaseSep)
0%%(CaseSep) 0%%(CaseSep) 0%%(CaseSep) 0%%(CaseSep) 0%%(CaseSep) 0%%(CaseSep) 0%%(CaseSep) 0%%(CaseSep) 0%%(CaseSep) 0%%(CaseSep)
0%%(CaseSep) 0%%(CaseSep) 0%%(CaseSep) 0%%(CaseSep) 0%%(CaseSep) 0%%(CaseSep) 0%%(CaseSep) 0%%(CaseSep) 0%%(CaseSep) 0%%(CaseSep)
0%%(CaseSep) 0%%(CaseSep) 0%%(CaseSep) 0%%(CaseSep) 0%%(CaseSep) 0%%(CaseSep) 0%%(CaseSep) 0%%(CaseSep) 0%%(CaseSep) 0%%(CaseSep)
0%%(CaseSep) 0%%(CaseSep) 0%%(CaseSep) 0%%(CaseSep) 0%%(CaseSep) 0%%(CaseSep) 0%%(CaseSep) 0%%(CaseSep) 0%%(CaseSep) 0%%(CaseSep)
0%%(CaseSep) 0%%(CaseSep) 0%%(CaseSep) 0%%(CaseSep) 0%%(CaseSep) 0%%(CaseSep) 0%%(CaseSep) 0%%(CaseSep) 0%%(CaseSep) 0%%(CaseSep)
0%%(CaseSep) 0%%(CaseSep) 0%%(CaseSep) 0%%(CaseSep) 0%%(CaseSep) 0%%(CaseSep) 0%%(CaseSep) 0%%(CaseSep) 0%%(CaseSep) 0%%(CaseSep)
0%%(CaseSep) 0%%(CaseSep) 0%%(CaseSep) 0%%(CaseSep) 0%%(CaseSep) 0%%(CaseSep) 0%%(CaseSep) 0%%(CaseSep) 0%%(CaseSep) 0%%(CaseSep)
0%%(CaseSep) 0%%(CaseSep) 0%%(CaseSep) 0%%(CaseSep) 0%%(CaseSep) 0%%(CaseSep) 0%%(CaseSep) 0%%(CaseSep) 0%%(CaseSep) 0%%(CaseSep)
0%%(CaseSep) 0%%(CaseSep) 0%%(CaseSep) 0%%(CaseSep) 0%%(CaseSep) 0%%(CaseSep) 0%%(CaseSep) 0%%(CaseSep) 0%%(CaseSep) 0%%(CaseSep)
0%%(CaseSep) 0%%(CaseSep) 0%%(CaseSep) 0%%(CaseSep) 0%%(CaseSep) 0%%(CaseSep) 0%%(CaseSep) 0%%(CaseSep) 0%%(CaseSep) 0%%(CaseSep)
0%%(CaseSep) 0%%(CaseSep) 0%%(CaseSep) 0%%(CaseSep) 0%%(CaseSep) 0%%(CaseSep) 0%%(CaseSep) 0%%(CaseSep) 0%%(CaseSep) 0%%(CaseSep)
0%%(CaseSep) 0%%(CaseSep) 0%%(CaseSep) 0%%(CaseSep) 0%%(CaseSep) 0%%(CaseSep) 0%%(CaseSep) 0%%(CaseSep) 0%%(CaseSep) 0%%(CaseSep)
0%%(CaseSep) 0%%(CaseSep) 0%%(CaseSep) 0%%(CaseSep) 0%%(CaseSep) 0%%(CaseSep) 0%%(CaseSep) 0%%(CaseSep) 0%%(CaseSep) 0%%(CaseSep)
0%%(CaseSep) 0%%(CaseSep) 0%%(CaseSep) 0%%(CaseSep) 0%%(CaseSep) 0%%(CaseSep) 0%%(CaseSep) 0%%(CaseSep) 0%%(CaseSep) 0%%(CaseSep)
0%%(CaseSep) 0%%(CaseSep) 0%%(CaseSep) 0%%(CaseSep) 0%%(CaseSep) 0%%(CaseSep) 0%%(CaseSep) 0%%(CaseSep) 0%%(CaseSep) 0%%(CaseSep)
0%%(CaseSep) 0%%(CaseSep) 0%%(CaseSep) 0%%(CaseSep) 0%%(CaseSep) 0%%(CaseSep) 0%%(CaseSep) 0%%(CaseSep) 0%%(CaseSep) 0%%(CaseSep)
0%%(CaseSep) 0%%(CaseSep) 0%%(CaseSep) 0%%(CaseSep) 0%%(CaseSep) 0%%(CaseSep) 0%%(CaseSep) 0%%(CaseSep) 0%%(CaseSep) 0%%(CaseSep)
0%%(CaseSep) 0%%(CaseSep) 0%%(CaseSep) 0%%(CaseSep) 0%%(CaseSep) 0%%(CaseSep) 0%%(CaseSep) 0%%(CaseSep) 0%%(CaseSep) 0%%(CaseSep)
0%%(CaseSep) 0%%(CaseSep) 0%%(CaseSep) 0%%(CaseSep) 0%%(CaseSep) 0%%(CaseSep) 0%%(CaseSep) 0%%(CaseSep) 0%%(CaseSep) 0%%(CaseSep)
0%%(CaseSep) 0%%(CaseSep) 0%%(CaseSep) 0%%(CaseSep) 0%%(CaseSep) 0%%(CaseSep) 0%%(CaseSep) 0%%(CaseSep) 0%%(CaseSep) 0%%(CaseSep)
0%%(CaseSep) 0%%(CaseSep) 0%%(CaseSep) 0%%(CaseSep) 0%%(CaseSep) 0%%(CaseSep) 0%%(CaseSep) 0%%(CaseSep) 0%%(CaseSep) 0%%(CaseSep)
0%%(CaseSep) 0%%(CaseSep) 0%%(CaseSep) 0%%(CaseSep) 0%%(CaseSep) 0%%(CaseSep) 0%%(CaseSep) 0%%(CaseSep) 0%%(CaseSep) 0%%(CaseSep)
0%%(CaseSep) 0%%(CaseSep) 0%%(CaseSep) 0%%(CaseSep) 0%%(CaseSep) 0%%(CaseSep) 0%%(CaseSep) 0%%(CaseSep) 0%%(CaseSep) 0%%(CaseSep)
0%%(CaseSep) 0%%(CaseSep) 0%%(CaseSep) 0%%(CaseSep) 0%%(CaseSep) 0%%(CaseSep) 0%%(CaseSep) 0%%(CaseSep) 0%%(CaseSep) 0%%(CaseSep)
0%%(CaseSep) 0%%(CaseSep) 0%%(CaseSep) 0%%(CaseSep) 0%%(CaseSep) 0%%(CaseSep) 0%%(CaseSep) 0%%(CaseSep) 0%%(CaseSep) 0%%(CaseSep)
0%%(CaseSep) 0%%(CaseSep) 0%%(CaseSep) 0%%(CaseSep) 0%%(CaseSep) 0%%(CaseSep) 0%%(CaseSep) 0%%(CaseSep) 0%%(CaseSep) 0%%(CaseSep)
0%%(CaseSep) 0%%(CaseSep) 0%%(CaseSep) 0%%(CaseSep) 0%%(CaseSep) 0%%(CaseSep) 0%%(CaseSep) 0%%(CaseSep) 0%%(CaseSep) 0%%(CaseSep)
0%%(CaseSep) 0%%(CaseSep) 0%%(CaseSep) 0%%(CaseSep) 0%%(CaseSep) 0%%(CaseSep) 0%%(CaseSep) 0%%(CaseSep) 0%%(CaseSep) 0%%(CaseSep)
0%%(CaseSep) 0%%(CaseSep) 0%%(CaseSep) 0%%(CaseSep) 0%%(CaseSep) 0%%(CaseSep) 0%%(CaseSep) 0%%(CaseSep) 0%%(CaseSep) 0%%(CaseSep)
0%%(CaseSep) 0%%(CaseSep) 0%%(CaseSep) 0%%(CaseSep) 0%%(CaseSep) 0%%(CaseSep) 0%%(CaseSep) 0%%(CaseSep) 0%%(CaseSep) 0%%(CaseSep)
0%%(CaseSep) 0%%(CaseSep) 0%%(CaseSep) 0%%(CaseSep) 0%%(CaseSep) 0%%(CaseSep) 0%%(CaseSep) 0%%(CaseSep) 0%%(CaseSep) 0%%(CaseSep)}
########## ../imp perf.tst >perf.tst.tmp; cat perf.tst.tmp; rm perf.tst.tmp ##########
{0, 0, 0, 0, 0, 0, 0, 0, 0, 0,
0, 0, 0, 0, 0, 0, 0, 0, 0, 0,
0, 0, 0, 0, 0, 0, 0, 0, 0, 0,
0, 0, 0, 0, 0, 0, 0, 0, 0, 0,
0, 0, 0, 0, 0, 0, 0, 0, 0, 0,
0, 0, 0, 0, 0, 0, 0, 0, 0, 0,
0, 0, 0, 0, 0, 0, 0, 0, 0, 0,
0, 0, 0, 0, 0, 0, 0, 0, 0, 0,
0, 0, 0, 0, 0, 0, 0, 0, 0, 0,
0, 0, 0, 0, 0, 0, 0, 0, 0, 0,
0, 0, 0, 0, 0, 0, 0, 0, 0, 0,
0, 0, 0, 0, 0, 0, 0, 0, 0, 0,
0, 0, 0, 0, 0, 0, 0, 0, 0, 0,
0, 0, 0, 0, 0, 0, 0, 0, 0, 0,
0, 0, 0, 0, 0, 0, 0, 0, 0, 0,
0, 0, 0, 0, 0, 0, 0, 0, 0, 0,
0, 0, 0, 0, 0, 0, 0, 0, 0, 0,
0, 0, 0, 0, 0, 0, 0, 0, 0, 0,
0, 0, 0, 0, 0, 0, 0, 0, 0, 0,
0, 0, 0, 0, 0, 0, 0, 0, 0, 0,
0, 0, 0, 0, 0, 0, 0, 0, 0, 0,
0, 0, 0, 0, 0, 0, 0, 0, 0, 0,
0, 0, 0, 0, 0, 0, 0, 0, 0, 0,
0, 0, 0, 0, 0, 0, 0, 0, 0, 0,
0, 0, 0, 0, 0, 0, 0, 0, 0, 0,
0, 0, 0, 0, 0, 0, 0, 0, 0, 0,
0, 0, 0, 0, 0, 0, 0, 0, 0, 0,
0, 0, 0, 0, 0, 0, 0, 0, 0, 0,
0, 0, 0, 0, 0, 0, 0, 0, 0, 0,
0, 0, 0, 0, 0, 0, 0, 0, 0, 0,
0, 0, 0, 0, 0, 0, 0, 0, 0, 0,
0, 0, 0, 0, 0, 0, 0, 0, 0, 0,
0, 0, 0, 0, 0, 0, 0, 0, 0, 0,
0, 0, 0, 0, 0, 0, 0, 0, 0, 0,
0, 0, 0, 0, 0, 0, 0, 0, 0, 0,
0, 0, 0, 0, 0, 0, 0, 0, 0, 0,
0, 0, 0, 0, 0, 0, 0, 0, 0, 0,
0, 0, 0, 0, 0, 0, 0, 0, 0, 0,
0, 0, 0, 0, 0, 0, 0, 0, 0, 0,
0, 0, 0, 0, 0, 0, 0, 0, 0, 0,
0, 0, 0, 0, 0, 0, 0, 0, 0, 0,
0, 0, 0, 0, 0, 0, 0, 0, 0, 0,
0, 0, 0, 0, 0, 0, 0, 0, 0, 0,
0, 0, 0, 0, 0, 0, 0, 0, 0, 0,
0, 0, 0, 0, 0, 0, 0, 0, 0, 0,
0, 0, 0, 0, 0, 0, 0, 0, 0, 0,
0, 0, 0, 0, 0, 0, 0, 0, 0, 0,
0, 0, 0, 0, 0, 0, 0, 0, 0, 0,
0, 0, 0, 0, 0, 0, 0, 0, 0, 0,
0, 0, 0, 0, 0, 0, 0, 0, 0, 0,
0, 0, 0, 0, 0, 0, 0, 0, 0, 0,
0, 0, 0, 0, 0, 0, 0, 0, 0, 0,
0, 0, 0, 0, 0, 0, 0, 0, 0, 0,
0, 0, 0, 0, 0, 0, 0, 0, 0, 0,
0, 0, 0, 0, 0, 0, 0, 0, 0, 0,
0, 0, 0, 0, 0, 0, 0, 0, 0, 0,
0, 0, 0, 0, 0, 0, 0, 0, 0, 0,
0, 0, 0, 0, 0, 0, 0, 0, 0, 0,
0, 0, 0, 0, 0, 0, 0, 0, 0, 0,
0, 0, 0, 0, 0, 0, 0, 0, 0, 0,
0, 0, 0, 0, 0, 0, 0, 0, 0, 0,
0, 0, 0, 0, 0, 0, 0, 0, 0, 0,
0, 0, 0, 0, 0, 0, 0, 0, 0, 0,
0, 0, 0, 0, 0, 0, 0, 0, 0, 0,
0, 0, 0, 0, 0, 0, 0, 0, 0, 0,
0, 0, 0, 0, 0, 0, 0, 0, 0, 0,
0, 0, 0, 0, 0, 0, 0, 0, 0, 0,
0, 0, 0, 0, 0, 0, 0, 0, 0, 0,
0, 0, 0, 0, 0, 0, 0, 0, 0, 0,
0, 0, 0, 0, 0, 0, 0, 0, 0, 0,
0, 0, 0, 0, 0, 0, 0, 0, 0, 0,
0, 0, 0, 0, 0, 0, 0, 0, 0, 0,
0, 0, 0, 0, 0, 0, 0, 0, 0, 0,
0, 0, 0, 0, 0, 0, 0, 0, 0, 0,
0, 0, 0, 0, 0, 0, 0, 0, 0, 0,
0, 0, 0, 0, 0, 0, 0, 0, 0, 0,
0, 0, 0, 0, 0, 0, 0, 0, 0, 0,
0, 0, 0, 0, 0, 0, 0, 0, 0, 0,
0, 0, 0, 0, 0, 0, 0, 0, 0, 0,
0, 0, 0, 0, 0, 0, 0, 0, 0, 0,
0, 0, 0, 0, 0, 0, 0, 0, 0, 0,
0, 0, 0, 0, 0, 0, 0, 0, 0, 0,
0, 0, 0, 0, 0, 0, 0, 0, 0, 0,
0, 0, 0, 0, 0, 0, 0, 0, 0, 0,
0, 0, 0, 0, 0, 0, 0, 0, 0, 0,
0, 0, 0, 0, 0, 0, 0, 0, 0, 0,
0, 0, 0, 0, 0, 0, 0, 0, 0, 0,
0, 0, 0, 0, 0, 0, 0, 0, 0, 0,
0, 0, 0, 0, 0, 0, 0, 0, 0, 0,
0, 0, 0, 0, 0, 0, 0, 0, 0, 0,
0, 0, 0, 0, 0, 0, 0, 0, 0, 0,
0, 0, 0, 0, 0, 0, 0, 0, 0, 0,
0, 0, 0, 0, 0, 0, 0, 0, 0, 0,
0, 0, 0, 0, 0, 0, 0, 0, 0, 0,
0, 0, 0, 0, 0, 0, 0, 0, 0, 0,
0, 0, 0, 0, 0, 0, 0, 0, 0, 0,
0, 0, 0, 0, 0, 0, 0, 0, 0, 0,
0, 0, 0, 0, 0, 0, 0, 0, 0, 0,
0, 0, 0, 0, 0, 0, 0, 0, 0, 0,
0, 0, 0, 0, 0, 0, 0, 0, 0, 0,}
