########## stdout ##########
%%PROCESS(,"stdout.tst.foo")
Nu skriver jag till stdout.tst.foo
ett par rader.
%%PROCESS()
Nu ställer jag tillbaks till stdout och läser stdout.tst.foo
%%PROCESS("stdout.tst.foo",)
########## ../imp stdout.tst >stdout.tst.tmp; cat stdout.tst.tmp; rm stdout.tst.tmp ##########
Nu ställer jag tillbaks till stdout och läser stdout.tst.foo
Nu skriver jag till stdout.tst.foo
ett par rader.
