########## gep ##########
set os = "$argv[1]"
if ("$os" == "PC") then
  dos2unix -ascii gep.tst.win32
else
  ../pmk gep
endif
########## /bin/csh -f gep.tst UNIX ##########


gep.pmk

   25.  q = x ( y ! z ) ;
=====>            1

  *1*   102 E : '!' deleted.


1 error(s).
No detected warnings.

